Archive member included to satisfy reference by file (symbol)

c:/st/stm32cubeide_1.4.0/stm32cubeide/plugins/com.st.stm32cube.ide.mcu.externaltools.gnu-tools-for-stm32.7-2018-q2-update.win32_1.4.0.202007081208/tools/bin/../lib/gcc/arm-none-eabi/7.3.1/../../../../arm-none-eabi/lib/thumb/v7e-m/fpv4-sp/hard\libc_nano.a(lib_a-errno.o)
                              Core/Src/syscalls.o (__errno)
c:/st/stm32cubeide_1.4.0/stm32cubeide/plugins/com.st.stm32cube.ide.mcu.externaltools.gnu-tools-for-stm32.7-2018-q2-update.win32_1.4.0.202007081208/tools/bin/../lib/gcc/arm-none-eabi/7.3.1/../../../../arm-none-eabi/lib/thumb/v7e-m/fpv4-sp/hard\libc_nano.a(lib_a-exit.o)
                              c:/st/stm32cubeide_1.4.0/stm32cubeide/plugins/com.st.stm32cube.ide.mcu.externaltools.gnu-tools-for-stm32.7-2018-q2-update.win32_1.4.0.202007081208/tools/bin/../lib/gcc/arm-none-eabi/7.3.1/../../../../arm-none-eabi/lib/thumb/v7e-m/fpv4-sp/hard/crt0.o (exit)
c:/st/stm32cubeide_1.4.0/stm32cubeide/plugins/com.st.stm32cube.ide.mcu.externaltools.gnu-tools-for-stm32.7-2018-q2-update.win32_1.4.0.202007081208/tools/bin/../lib/gcc/arm-none-eabi/7.3.1/../../../../arm-none-eabi/lib/thumb/v7e-m/fpv4-sp/hard\libc_nano.a(lib_a-impure.o)
                              c:/st/stm32cubeide_1.4.0/stm32cubeide/plugins/com.st.stm32cube.ide.mcu.externaltools.gnu-tools-for-stm32.7-2018-q2-update.win32_1.4.0.202007081208/tools/bin/../lib/gcc/arm-none-eabi/7.3.1/../../../../arm-none-eabi/lib/thumb/v7e-m/fpv4-sp/hard\libc_nano.a(lib_a-exit.o) (_global_impure_ptr)
c:/st/stm32cubeide_1.4.0/stm32cubeide/plugins/com.st.stm32cube.ide.mcu.externaltools.gnu-tools-for-stm32.7-2018-q2-update.win32_1.4.0.202007081208/tools/bin/../lib/gcc/arm-none-eabi/7.3.1/../../../../arm-none-eabi/lib/thumb/v7e-m/fpv4-sp/hard\libc_nano.a(lib_a-init.o)
                              c:/st/stm32cubeide_1.4.0/stm32cubeide/plugins/com.st.stm32cube.ide.mcu.externaltools.gnu-tools-for-stm32.7-2018-q2-update.win32_1.4.0.202007081208/tools/bin/../lib/gcc/arm-none-eabi/7.3.1/../../../../arm-none-eabi/lib/thumb/v7e-m/fpv4-sp/hard/crt0.o (__libc_init_array)
c:/st/stm32cubeide_1.4.0/stm32cubeide/plugins/com.st.stm32cube.ide.mcu.externaltools.gnu-tools-for-stm32.7-2018-q2-update.win32_1.4.0.202007081208/tools/bin/../lib/gcc/arm-none-eabi/7.3.1/../../../../arm-none-eabi/lib/thumb/v7e-m/fpv4-sp/hard\libc_nano.a(lib_a-memcpy-stub.o)
                              Core/Src/MY_ILI9341.o (memcpy)
c:/st/stm32cubeide_1.4.0/stm32cubeide/plugins/com.st.stm32cube.ide.mcu.externaltools.gnu-tools-for-stm32.7-2018-q2-update.win32_1.4.0.202007081208/tools/bin/../lib/gcc/arm-none-eabi/7.3.1/../../../../arm-none-eabi/lib/thumb/v7e-m/fpv4-sp/hard\libc_nano.a(lib_a-memset.o)
                              c:/st/stm32cubeide_1.4.0/stm32cubeide/plugins/com.st.stm32cube.ide.mcu.externaltools.gnu-tools-for-stm32.7-2018-q2-update.win32_1.4.0.202007081208/tools/bin/../lib/gcc/arm-none-eabi/7.3.1/../../../../arm-none-eabi/lib/thumb/v7e-m/fpv4-sp/hard/crt0.o (memset)
c:/st/stm32cubeide_1.4.0/stm32cubeide/plugins/com.st.stm32cube.ide.mcu.externaltools.gnu-tools-for-stm32.7-2018-q2-update.win32_1.4.0.202007081208/tools/bin/../lib/gcc/arm-none-eabi/7.3.1/thumb/v7e-m/fpv4-sp/hard\libgcc.a(_arm_addsubdf3.o)
                              Core/Src/TSC2046.o (__aeabi_i2d)
c:/st/stm32cubeide_1.4.0/stm32cubeide/plugins/com.st.stm32cube.ide.mcu.externaltools.gnu-tools-for-stm32.7-2018-q2-update.win32_1.4.0.202007081208/tools/bin/../lib/gcc/arm-none-eabi/7.3.1/thumb/v7e-m/fpv4-sp/hard\libgcc.a(_arm_muldivdf3.o)
                              Core/Src/TSC2046.o (__aeabi_dmul)
c:/st/stm32cubeide_1.4.0/stm32cubeide/plugins/com.st.stm32cube.ide.mcu.externaltools.gnu-tools-for-stm32.7-2018-q2-update.win32_1.4.0.202007081208/tools/bin/../lib/gcc/arm-none-eabi/7.3.1/thumb/v7e-m/fpv4-sp/hard\libgcc.a(_arm_fixunsdfsi.o)
                              Core/Src/TSC2046.o (__aeabi_d2uiz)
c:/st/stm32cubeide_1.4.0/stm32cubeide/plugins/com.st.stm32cube.ide.mcu.externaltools.gnu-tools-for-stm32.7-2018-q2-update.win32_1.4.0.202007081208/tools/bin/../lib/gcc/arm-none-eabi/7.3.1/thumb/v7e-m/fpv4-sp/hard\libgcc.a(_aeabi_uldivmod.o)
                              Drivers/STM32F4xx_HAL_Driver/Src/stm32f4xx_hal_rcc.o (__aeabi_uldivmod)
c:/st/stm32cubeide_1.4.0/stm32cubeide/plugins/com.st.stm32cube.ide.mcu.externaltools.gnu-tools-for-stm32.7-2018-q2-update.win32_1.4.0.202007081208/tools/bin/../lib/gcc/arm-none-eabi/7.3.1/thumb/v7e-m/fpv4-sp/hard\libgcc.a(_udivmoddi4.o)
                              c:/st/stm32cubeide_1.4.0/stm32cubeide/plugins/com.st.stm32cube.ide.mcu.externaltools.gnu-tools-for-stm32.7-2018-q2-update.win32_1.4.0.202007081208/tools/bin/../lib/gcc/arm-none-eabi/7.3.1/thumb/v7e-m/fpv4-sp/hard\libgcc.a(_aeabi_uldivmod.o) (__udivmoddi4)
[...]
Memory Configuration

Name             Origin             Length             Attributes
RAM              0x0000000020000000 0x0000000000020000 xrw
FLASH            0x0000000008000000 0x0000000000080000 xr
*default*        0x0000000000000000 0xffffffffffffffff

Linker script and memory map

LOAD c:/st/stm32cubeide_1.4.0/stm32cubeide/plugins/com.st.stm32cube.ide.mcu.externaltools.gnu-tools-for-stm32.7-2018-q2-update.win32_1.4.0.202007081208/tools/bin/../lib/gcc/arm-none-eabi/7.3.1/thumb/v7e-m/fpv4-sp/hard/crti.o
LOAD c:/st/stm32cubeide_1.4.0/stm32cubeide/plugins/com.st.stm32cube.ide.mcu.externaltools.gnu-tools-for-stm32.7-2018-q2-update.win32_1.4.0.202007081208/tools/bin/../lib/gcc/arm-none-eabi/7.3.1/thumb/v7e-m/fpv4-sp/hard/crtbegin.o
LOAD c:/st/stm32cubeide_1.4.0/stm32cubeide/plugins/com.st.stm32cube.ide.mcu.externaltools.gnu-tools-for-stm32.7-2018-q2-update.win32_1.4.0.202007081208/tools/bin/../lib/gcc/arm-none-eabi/7.3.1/../../../../arm-none-eabi/lib/thumb/v7e-m/fpv4-sp/hard/crt0.o
LOAD Core/Src/MY_ILI9341.o
LOAD Core/Src/TSC2046.o
LOAD Core/Src/main.o
LOAD Core/Src/stm32f4xx_hal_msp.o
LOAD Core/Src/stm32f4xx_it.o
LOAD Core/Src/syscalls.o
LOAD Core/Src/sysmem.o
LOAD Core/Src/system_stm32f4xx.o
LOAD Core/Startup/startup_stm32f411retx.o
LOAD Drivers/STM32F4xx_HAL_Driver/Src/stm32f4xx_hal.o
LOAD Drivers/STM32F4xx_HAL_Driver/Src/stm32f4xx_hal_cortex.o
LOAD Drivers/STM32F4xx_HAL_Driver/Src/stm32f4xx_hal_dma.o
LOAD Drivers/STM32F4xx_HAL_Driver/Src/stm32f4xx_hal_dma_ex.o
LOAD Drivers/STM32F4xx_HAL_Driver/Src/stm32f4xx_hal_exti.o
LOAD Drivers/STM32F4xx_HAL_Driver/Src/stm32f4xx_hal_flash.o
LOAD Drivers/STM32F4xx_HAL_Driver/Src/stm32f4xx_hal_flash_ex.o
LOAD Drivers/STM32F4xx_HAL_Driver/Src/stm32f4xx_hal_flash_ramfunc.o
LOAD Drivers/STM32F4xx_HAL_Driver/Src/stm32f4xx_hal_gpio.o
LOAD Drivers/STM32F4xx_HAL_Driver/Src/stm32f4xx_hal_pwr.o
LOAD Drivers/STM32F4xx_HAL_Driver/Src/stm32f4xx_hal_pwr_ex.o
LOAD Drivers/STM32F4xx_HAL_Driver/Src/stm32f4xx_hal_rcc.o
LOAD Drivers/STM32F4xx_HAL_Driver/Src/stm32f4xx_hal_rcc_ex.o
LOAD Drivers/STM32F4xx_HAL_Driver/Src/stm32f4xx_hal_spi.o
LOAD Drivers/STM32F4xx_HAL_Driver/Src/stm32f4xx_hal_tim.o
LOAD Drivers/STM32F4xx_HAL_Driver/Src/stm32f4xx_hal_tim_ex.o
START GROUP
LOAD c:/st/stm32cubeide_1.4.0/stm32cubeide/plugins/com.st.stm32cube.ide.mcu.externaltools.gnu-tools-for-stm32.7-2018-q2-update.win32_1.4.0.202007081208/tools/bin/../lib/gcc/arm-none-eabi/7.3.1/../../../../arm-none-eabi/lib/thumb/v7e-m/fpv4-sp/hard\libc_nano.a
LOAD c:/st/stm32cubeide_1.4.0/stm32cubeide/plugins/com.st.stm32cube.ide.mcu.externaltools.gnu-tools-for-stm32.7-2018-q2-update.win32_1.4.0.202007081208/tools/bin/../lib/gcc/arm-none-eabi/7.3.1/../../../../arm-none-eabi/lib/thumb/v7e-m/fpv4-sp/hard\libm.a
END GROUP
START GROUP
LOAD c:/st/stm32cubeide_1.4.0/stm32cubeide/plugins/com.st.stm32cube.ide.mcu.externaltools.gnu-tools-for-stm32.7-2018-q2-update.win32_1.4.0.202007081208/tools/bin/../lib/gcc/arm-none-eabi/7.3.1/thumb/v7e-m/fpv4-sp/hard\libgcc.a
LOAD c:/st/stm32cubeide_1.4.0/stm32cubeide/plugins/com.st.stm32cube.ide.mcu.externaltools.gnu-tools-for-stm32.7-2018-q2-update.win32_1.4.0.202007081208/tools/bin/../lib/gcc/arm-none-eabi/7.3.1/../../../../arm-none-eabi/lib/thumb/v7e-m/fpv4-sp/hard\libc_nano.a
END GROUP
START GROUP
LOAD c:/st/stm32cubeide_1.4.0/stm32cubeide/plugins/com.st.stm32cube.ide.mcu.externaltools.gnu-tools-for-stm32.7-2018-q2-update.win32_1.4.0.202007081208/tools/bin/../lib/gcc/arm-none-eabi/7.3.1/thumb/v7e-m/fpv4-sp/hard\libgcc.a
LOAD c:/st/stm32cubeide_1.4.0/stm32cubeide/plugins/com.st.stm32cube.ide.mcu.externaltools.gnu-tools-for-stm32.7-2018-q2-update.win32_1.4.0.202007081208/tools/bin/../lib/gcc/arm-none-eabi/7.3.1/../../../../arm-none-eabi/lib/thumb/v7e-m/fpv4-sp/hard\libc_nano.a
LOAD c:/st/stm32cubeide_1.4.0/stm32cubeide/plugins/com.st.stm32cube.ide.mcu.externaltools.gnu-tools-for-stm32.7-2018-q2-update.win32_1.4.0.202007081208/tools/bin/../lib/gcc/arm-none-eabi/7.3.1/../../../../arm-none-eabi/lib/thumb/v7e-m/fpv4-sp/hard\libnosys.a
END GROUP
START GROUP
LOAD c:/st/stm32cubeide_1.4.0/stm32cubeide/plugins/com.st.stm32cube.ide.mcu.externaltools.gnu-tools-for-stm32.7-2018-q2-update.win32_1.4.0.202007081208/tools/bin/../lib/gcc/arm-none-eabi/7.3.1/thumb/v7e-m/fpv4-sp/hard\libgcc.a
LOAD c:/st/stm32cubeide_1.4.0/stm32cubeide/plugins/com.st.stm32cube.ide.mcu.externaltools.gnu-tools-for-stm32.7-2018-q2-update.win32_1.4.0.202007081208/tools/bin/../lib/gcc/arm-none-eabi/7.3.1/../../../../arm-none-eabi/lib/thumb/v7e-m/fpv4-sp/hard\libc_nano.a
LOAD c:/st/stm32cubeide_1.4.0/stm32cubeide/plugins/com.st.stm32cube.ide.mcu.externaltools.gnu-tools-for-stm32.7-2018-q2-update.win32_1.4.0.202007081208/tools/bin/../lib/gcc/arm-none-eabi/7.3.1/../../../../arm-none-eabi/lib/thumb/v7e-m/fpv4-sp/hard\libnosys.a
END GROUP
LOAD c:/st/stm32cubeide_1.4.0/stm32cubeide/plugins/com.st.stm32cube.ide.mcu.externaltools.gnu-tools-for-stm32.7-2018-q2-update.win32_1.4.0.202007081208/tools/bin/../lib/gcc/arm-none-eabi/7.3.1/thumb/v7e-m/fpv4-sp/hard/crtend.o
LOAD c:/st/stm32cubeide_1.4.0/stm32cubeide/plugins/com.st.stm32cube.ide.mcu.externaltools.gnu-tools-for-stm32.7-2018-q2-update.win32_1.4.0.202007081208/tools/bin/../lib/gcc/arm-none-eabi/7.3.1/thumb/v7e-m/fpv4-sp/hard/crtn.o
                0x0000000020020000                _estack = (ORIGIN (RAM) + LENGTH (RAM))
                0x0000000000000200                _Min_Heap_Size = 0x200
                0x0000000000000400                _Min_Stack_Size = 0x400

.isr_vector     0x0000000008000000      0x198
                0x0000000008000000                . = ALIGN (0x4)
 *(.isr_vector)
 .isr_vector    0x0000000008000000      0x198 Core/Startup/startup_stm32f411retx.o
                0x0000000008000000                g_pfnVectors
                0x0000000008000198                . = ALIGN (0x4)

.text           0x0000000008000198     0x3d90
                0x0000000008000198                . = ALIGN (0x4)
 *(.text)
 .text          0x0000000008000198       0x40 c:/st/stm32cubeide_1.4.0/stm32cubeide/plugins/com.st.stm32cube.ide.mcu.externaltools.gnu-tools-for-stm32.7-2018-q2-update.win32_1.4.0.202007081208/tools/bin/../lib/gcc/arm-none-eabi/7.3.1/thumb/v7e-m/fpv4-sp/hard/crtbegin.o
 .text          0x00000000080001d8      0x378 c:/st/stm32cubeide_1.4.0/stm32cubeide/plugins/com.st.stm32cube.ide.mcu.externaltools.gnu-tools-for-stm32.7-2018-q2-update.win32_1.4.0.202007081208/tools/bin/../lib/gcc/arm-none-eabi/7.3.1/thumb/v7e-m/fpv4-sp/hard\libgcc.a(_arm_addsubdf3.o)
                0x00000000080001d8                __aeabi_drsub
                0x00000000080001e0                __aeabi_dsub
                0x00000000080001e0                __subdf3
                0x00000000080001e4                __aeabi_dadd
                0x00000000080001e4                __adddf3
                0x000000000800045c                __floatunsidf
                0x000000000800045c                __aeabi_ui2d
                0x000000000800047c                __floatsidf
                0x000000000800047c                __aeabi_i2d
                0x00000000080004a0                __aeabi_f2d
                0x00000000080004a0                __extendsfdf2
                0x00000000080004e4                __floatundidf
                0x00000000080004e4                __aeabi_ul2d
                0x00000000080004f4                __floatdidf
                0x00000000080004f4                __aeabi_l2d
 .text          0x0000000008000550      0x424 c:/st/stm32cubeide_1.4.0/stm32cubeide/plugins/com.st.stm32cube.ide.mcu.externaltools.gnu-tools-for-stm32.7-2018-q2-update.win32_1.4.0.202007081208/tools/bin/../lib/gcc/arm-none-eabi/7.3.1/thumb/v7e-m/fpv4-sp/hard\libgcc.a(_arm_muldivdf3.o)
                0x0000000008000550                __aeabi_dmul
                0x0000000008000550                __muldf3
                0x00000000080007a4                __divdf3
                0x00000000080007a4                __aeabi_ddiv
 .text          0x0000000008000974       0x40 c:/st/stm32cubeide_1.4.0/stm32cubeide/plugins/com.st.stm32cube.ide.mcu.externaltools.gnu-tools-for-stm32.7-2018-q2-update.win32_1.4.0.202007081208/tools/bin/../lib/gcc/arm-none-eabi/7.3.1/thumb/v7e-m/fpv4-sp/hard\libgcc.a(_arm_fixunsdfsi.o)
                0x0000000008000974                __aeabi_d2uiz
                0x0000000008000974                __fixunsdfsi
 .text          0x00000000080009b4       0x30 c:/st/stm32cubeide_1.4.0/stm32cubeide/plugins/com.st.stm32cube.ide.mcu.externaltools.gnu-tools-for-stm32.7-2018-q2-update.win32_1.4.0.202007081208/tools/bin/../lib/gcc/arm-none-eabi/7.3.1/thumb/v7e-m/fpv4-sp/hard\libgcc.a(_aeabi_uldivmod.o)
                0x00000000080009b4                __aeabi_uldivmod
 .text          0x00000000080009e4      0x2cc c:/st/stm32cubeide_1.4.0/stm32cubeide/plugins/com.st.stm32cube.ide.mcu.externaltools.gnu-tools-for-stm32.7-2018-q2-update.win32_1.4.0.202007081208/tools/bin/../lib/gcc/arm-none-eabi/7.3.1/thumb/v7e-m/fpv4-sp/hard\libgcc.a(_udivmoddi4.o)
                0x00000000080009e4                __udivmoddi4
 .text          0x0000000008000cb0        0x4 c:/st/stm32cubeide_1.4.0/stm32cubeide/plugins/com.st.stm32cube.ide.mcu.externaltools.gnu-tools-for-stm32.7-2018-q2-update.win32_1.4.0.202007081208/tools/bin/../lib/gcc/arm-none-eabi/7.3.1/thumb/v7e-m/fpv4-sp/hard\libgcc.a(_dvmd_tls.o)
                0x0000000008000cb0                __aeabi_idiv0
                0x0000000008000cb0                __aeabi_ldiv0
 *(.text*)
 .text.ILI9341_SendCommand
                0x0000000008000cb4       0x68 Core/Src/MY_ILI9341.o
                0x0000000008000cb4                ILI9341_SendCommand
 .text.ILI9341_SendData
                0x0000000008000d1c       0x68 Core/Src/MY_ILI9341.o
                0x0000000008000d1c                ILI9341_SendData
 .text.ILI9341_SetCursorPosition
                0x0000000008000d84       0x98 Core/Src/MY_ILI9341.o
                0x0000000008000d84                ILI9341_SetCursorPosition
 .text.ILI9341_Init
                0x0000000008000e1c      0x180 Core/Src/MY_ILI9341.o
                0x0000000008000e1c                ILI9341_Init
 .text.ILI9341_DrawPixel
                0x0000000008000f9c       0x3e Core/Src/MY_ILI9341.o
                0x0000000008000f9c                ILI9341_DrawPixel
 *fill*         0x0000000008000fda        0x2 
 .text.ILI9341_Fill
                0x0000000008000fdc       0x84 Core/Src/MY_ILI9341.o
                0x0000000008000fdc                ILI9341_Fill
 .text.ILI9341_Fill_Rect
                0x0000000008001060       0x74 Core/Src/MY_ILI9341.o
                0x0000000008001060                ILI9341_Fill_Rect
 .text.ILI9341_drawCircle
                0x00000000080010d4      0x1a6 Core/Src/MY_ILI9341.o
                0x00000000080010d4                ILI9341_drawCircle
 .text.fillCircleHelper
                0x000000000800127a      0x162 Core/Src/MY_ILI9341.o
 .text.ILI9341_fillCircle
                0x00000000080013dc       0x60 Core/Src/MY_ILI9341.o
                0x00000000080013dc                ILI9341_fillCircle
 .text.ILI9341_drawLine
                0x000000000800143c      0x13a Core/Src/MY_ILI9341.o
                0x000000000800143c                ILI9341_drawLine
 .text.ILI9341_drawFastVLine
                0x0000000008001576       0x4a Core/Src/MY_ILI9341.o
                0x0000000008001576                ILI9341_drawFastVLine
 .text.ILI9341_drawChar
                0x00000000080015c0      0x294 Core/Src/MY_ILI9341.o
                0x00000000080015c0                ILI9341_drawChar
 .text.ILI9341_printText
                0x0000000008001854       0x82 Core/Src/MY_ILI9341.o
                0x0000000008001854                ILI9341_printText
 *fill*         0x00000000080018d6        0x2 
 .text.ILI9341_setRotation
                0x00000000080018d8       0x98 Core/Src/MY_ILI9341.o
                0x00000000080018d8                ILI9341_setRotation
 .text.ILI9341_getRotation
                0x0000000008001970       0x18 Core/Src/MY_ILI9341.o
                0x0000000008001970                ILI9341_getRotation
 .text.TSC2046_SendCommand
                0x0000000008001988       0x88 Core/Src/TSC2046.o
                0x0000000008001988                TSC2046_SendCommand
 .text.TSC2046_Calibrate
                0x0000000008001a10      0x248 Core/Src/TSC2046.o
                0x0000000008001a10                TSC2046_Calibrate
 .text.TSC2046_GetRawTouch
                0x0000000008001c58      0x108 Core/Src/TSC2046.o
                0x0000000008001c58                TSC2046_GetRawTouch
 .text.TSC2046_Begin
                0x0000000008001d60       0x4c Core/Src/TSC2046.o
                0x0000000008001d60                TSC2046_Begin
 .text.TSC2046_getRaw_X
                0x0000000008001dac       0x20 Core/Src/TSC2046.o
                0x0000000008001dac                TSC2046_getRaw_X
 .text.TSC2046_getRaw_Y
                0x0000000008001dcc       0x20 Core/Src/TSC2046.o
                0x0000000008001dcc                TSC2046_getRaw_Y
 .text.TSC2046_getRaw_Z
                0x0000000008001dec       0x20 Core/Src/TSC2046.o
                0x0000000008001dec                TSC2046_getRaw_Z
 .text.TSC2046_TL_point
                0x0000000008001e0c       0x38 Core/Src/TSC2046.o
                0x0000000008001e0c                TSC2046_TL_point
 .text.TSC2046_BR_point
                0x0000000008001e44       0x5c Core/Src/TSC2046.o
                0x0000000008001e44                TSC2046_BR_point
 .text.TSC2046_getOrientation
                0x0000000008001ea0        0xe Core/Src/TSC2046.o
                0x0000000008001ea0                TSC2046_getOrientation
 *fill*         0x0000000008001eae        0x2 
 .text.TSC2046_GetTouchData
                0x0000000008001eb0       0xd8 Core/Src/TSC2046.o
                0x0000000008001eb0                TSC2046_GetTouchData
 .text.main     0x0000000008001f88       0xd0 Core/Src/main.o
                0x0000000008001f88                main
 .text.SystemClock_Config
                0x0000000008002058       0xd0 Core/Src/main.o
                0x0000000008002058                SystemClock_Config
 .text.MX_SPI1_Init
                0x0000000008002128       0x6c Core/Src/main.o
 .text.MX_SPI2_Init
                0x0000000008002194       0x6c Core/Src/main.o
 .text.MX_GPIO_Init
                0x0000000008002200       0xf8 Core/Src/main.o
 .text.Error_Handler
                0x00000000080022f8        0xe Core/Src/main.o
                0x00000000080022f8                Error_Handler
 *fill*         0x0000000008002306        0x2 
 .text.HAL_MspInit
                0x0000000008002308       0x50 Core/Src/stm32f4xx_hal_msp.o
                0x0000000008002308                HAL_MspInit
 .text.HAL_SPI_MspInit
                0x0000000008002358      0x13c Core/Src/stm32f4xx_hal_msp.o
                0x0000000008002358                HAL_SPI_MspInit
 .text.NMI_Handler
                0x0000000008002494        0xe Core/Src/stm32f4xx_it.o
                0x0000000008002494                NMI_Handler
 .text.HardFault_Handler
                0x00000000080024a2        0x6 Core/Src/stm32f4xx_it.o
                0x00000000080024a2                HardFault_Handler
 .text.MemManage_Handler
                0x00000000080024a8        0x6 Core/Src/stm32f4xx_it.o
                0x00000000080024a8                MemManage_Handler
 .text.BusFault_Handler
                0x00000000080024ae        0x6 Core/Src/stm32f4xx_it.o
                0x00000000080024ae                BusFault_Handler
 .text.UsageFault_Handler
                0x00000000080024b4        0x6 Core/Src/stm32f4xx_it.o
                0x00000000080024b4                UsageFault_Handler
 .text.SVC_Handler
                0x00000000080024ba        0xe Core/Src/stm32f4xx_it.o
                0x00000000080024ba                SVC_Handler
 .text.DebugMon_Handler
                0x00000000080024c8        0xe Core/Src/stm32f4xx_it.o
                0x00000000080024c8                DebugMon_Handler
 .text.PendSV_Handler
                0x00000000080024d6        0xe Core/Src/stm32f4xx_it.o
                0x00000000080024d6                PendSV_Handler
 .text.SysTick_Handler
                0x00000000080024e4        0xc Core/Src/stm32f4xx_it.o
                0x00000000080024e4                SysTick_Handler
 .text.SystemInit
                0x00000000080024f0       0x2c Core/Src/system_stm32f4xx.o
                0x00000000080024f0                SystemInit
 .text.Reset_Handler
                0x000000000800251c       0x50 Core/Startup/startup_stm32f411retx.o
                0x000000000800251c                Reset_Handler
 .text.Default_Handler
                0x000000000800256c        0x2 Core/Startup/startup_stm32f411retx.o
                0x000000000800256c                RTC_Alarm_IRQHandler
                0x000000000800256c                EXTI2_IRQHandler
                0x000000000800256c                SPI4_IRQHandler
                0x000000000800256c                TIM1_CC_IRQHandler
                0x000000000800256c                DMA2_Stream5_IRQHandler
                0x000000000800256c                DMA1_Stream5_IRQHandler
                0x000000000800256c                PVD_IRQHandler
                0x000000000800256c                SDIO_IRQHandler
                0x000000000800256c                TAMP_STAMP_IRQHandler
                0x000000000800256c                EXTI3_IRQHandler
                0x000000000800256c                TIM1_UP_TIM10_IRQHandler
                0x000000000800256c                I2C3_ER_IRQHandler
                0x000000000800256c                EXTI0_IRQHandler
                0x000000000800256c                I2C2_EV_IRQHandler
                0x000000000800256c                DMA1_Stream2_IRQHandler
                0x000000000800256c                FPU_IRQHandler
                0x000000000800256c                DMA2_Stream2_IRQHandler
                0x000000000800256c                SPI1_IRQHandler
                0x000000000800256c                TIM1_BRK_TIM9_IRQHandler
                0x000000000800256c                DMA2_Stream3_IRQHandler
                0x000000000800256c                USART6_IRQHandler
                0x000000000800256c                DMA2_Stream0_IRQHandler
                0x000000000800256c                TIM4_IRQHandler
                0x000000000800256c                I2C1_EV_IRQHandler
                0x000000000800256c                DMA1_Stream6_IRQHandler
                0x000000000800256c                DMA1_Stream1_IRQHandler
                0x000000000800256c                TIM3_IRQHandler
                0x000000000800256c                RCC_IRQHandler
                0x000000000800256c                Default_Handler
                0x000000000800256c                EXTI15_10_IRQHandler
                0x000000000800256c                ADC_IRQHandler
                0x000000000800256c                DMA1_Stream7_IRQHandler
                0x000000000800256c                SPI5_IRQHandler
                0x000000000800256c                TIM5_IRQHandler
                0x000000000800256c                DMA2_Stream7_IRQHandler
                0x000000000800256c                I2C3_EV_IRQHandler
                0x000000000800256c                EXTI9_5_IRQHandler
                0x000000000800256c                RTC_WKUP_IRQHandler
                0x000000000800256c                SPI2_IRQHandler
                0x000000000800256c                DMA1_Stream0_IRQHandler
                0x000000000800256c                EXTI4_IRQHandler
                0x000000000800256c                WWDG_IRQHandler
                0x000000000800256c                TIM2_IRQHandler
                0x000000000800256c                OTG_FS_WKUP_IRQHandler
                0x000000000800256c                TIM1_TRG_COM_TIM11_IRQHandler
                0x000000000800256c                EXTI1_IRQHandler
                0x000000000800256c                USART2_IRQHandler
                0x000000000800256c                I2C2_ER_IRQHandler
                0x000000000800256c                DMA2_Stream1_IRQHandler
                0x000000000800256c                FLASH_IRQHandler
                0x000000000800256c                DMA2_Stream4_IRQHandler
                0x000000000800256c                USART1_IRQHandler
                0x000000000800256c                OTG_FS_IRQHandler
                0x000000000800256c                SPI3_IRQHandler
                0x000000000800256c                DMA1_Stream4_IRQHandler
                0x000000000800256c                I2C1_ER_IRQHandler
                0x000000000800256c                DMA2_Stream6_IRQHandler
                0x000000000800256c                DMA1_Stream3_IRQHandler
 *fill*         0x000000000800256e        0x2 
 .text.HAL_Init
                0x0000000008002570       0x44 Drivers/STM32F4xx_HAL_Driver/Src/stm32f4xx_hal.o
                0x0000000008002570                HAL_Init
 .text.HAL_InitTick
                0x00000000080025b4       0x60 Drivers/STM32F4xx_HAL_Driver/Src/stm32f4xx_hal.o
                0x00000000080025b4                HAL_InitTick
 .text.HAL_IncTick
                0x0000000008002614       0x28 Drivers/STM32F4xx_HAL_Driver/Src/stm32f4xx_hal.o
                0x0000000008002614                HAL_IncTick
 .text.HAL_GetTick
                0x000000000800263c       0x18 Drivers/STM32F4xx_HAL_Driver/Src/stm32f4xx_hal.o
                0x000000000800263c                HAL_GetTick
 .text.HAL_Delay
                0x0000000008002654       0x44 Drivers/STM32F4xx_HAL_Driver/Src/stm32f4xx_hal.o
                0x0000000008002654                HAL_Delay
 .text.__NVIC_SetPriorityGrouping
                0x0000000008002698       0x48 Drivers/STM32F4xx_HAL_Driver/Src/stm32f4xx_hal_cortex.o
 .text.__NVIC_GetPriorityGrouping
                0x00000000080026e0       0x1c Drivers/STM32F4xx_HAL_Driver/Src/stm32f4xx_hal_cortex.o
 .text.__NVIC_SetPriority
                0x00000000080026fc       0x54 Drivers/STM32F4xx_HAL_Driver/Src/stm32f4xx_hal_cortex.o
 .text.NVIC_EncodePriority
                0x0000000008002750       0x66 Drivers/STM32F4xx_HAL_Driver/Src/stm32f4xx_hal_cortex.o
 *fill*         0x00000000080027b6        0x2 
 .text.SysTick_Config
                0x00000000080027b8       0x44 Drivers/STM32F4xx_HAL_Driver/Src/stm32f4xx_hal_cortex.o
 .text.HAL_NVIC_SetPriorityGrouping
                0x00000000080027fc       0x16 Drivers/STM32F4xx_HAL_Driver/Src/stm32f4xx_hal_cortex.o
                0x00000000080027fc                HAL_NVIC_SetPriorityGrouping
 .text.HAL_NVIC_SetPriority
                0x0000000008002812       0x38 Drivers/STM32F4xx_HAL_Driver/Src/stm32f4xx_hal_cortex.o
                0x0000000008002812                HAL_NVIC_SetPriority
 .text.HAL_SYSTICK_Config
                0x000000000800284a       0x18 Drivers/STM32F4xx_HAL_Driver/Src/stm32f4xx_hal_cortex.o
                0x000000000800284a                HAL_SYSTICK_Config
 *fill*         0x0000000008002862        0x2 
 .text.HAL_GPIO_Init
                0x0000000008002864      0x304 Drivers/STM32F4xx_HAL_Driver/Src/stm32f4xx_hal_gpio.o
                0x0000000008002864                HAL_GPIO_Init
 .text.HAL_GPIO_WritePin
                0x0000000008002b68       0x32 Drivers/STM32F4xx_HAL_Driver/Src/stm32f4xx_hal_gpio.o
                0x0000000008002b68                HAL_GPIO_WritePin
 *fill*         0x0000000008002b9a        0x2 
 .text.HAL_RCC_OscConfig
                0x0000000008002b9c      0x4e0 Drivers/STM32F4xx_HAL_Driver/Src/stm32f4xx_hal_rcc.o
                0x0000000008002b9c                HAL_RCC_OscConfig
 .text.HAL_RCC_ClockConfig
                0x000000000800307c      0x1cc Drivers/STM32F4xx_HAL_Driver/Src/stm32f4xx_hal_rcc.o
                0x000000000800307c                HAL_RCC_ClockConfig
 .text.HAL_RCC_GetSysClockFreq
                0x0000000008003248      0x1b0 Drivers/STM32F4xx_HAL_Driver/Src/stm32f4xx_hal_rcc.o
                0x0000000008003248                HAL_RCC_GetSysClockFreq
 .text.HAL_SPI_Init
                0x00000000080033f8       0xc8 Drivers/STM32F4xx_HAL_Driver/Src/stm32f4xx_hal_spi.o
                0x00000000080033f8                HAL_SPI_Init
 .text.HAL_SPI_Transmit
                0x00000000080034c0      0x268 Drivers/STM32F4xx_HAL_Driver/Src/stm32f4xx_hal_spi.o
                0x00000000080034c0                HAL_SPI_Transmit
 .text.HAL_SPI_Receive
                0x0000000008003728      0x212 Drivers/STM32F4xx_HAL_Driver/Src/stm32f4xx_hal_spi.o
                0x0000000008003728                HAL_SPI_Receive
 .text.HAL_SPI_TransmitReceive
                0x000000000800393a      0x344 Drivers/STM32F4xx_HAL_Driver/Src/stm32f4xx_hal_spi.o
                0x000000000800393a                HAL_SPI_TransmitReceive
 .text.SPI_WaitFlagStateUntilTimeout
                0x0000000008003c7e       0xd4 Drivers/STM32F4xx_HAL_Driver/Src/stm32f4xx_hal_spi.o
 .text.SPI_EndRxTransaction
                0x0000000008003d52       0xca Drivers/STM32F4xx_HAL_Driver/Src/stm32f4xx_hal_spi.o
 .text.SPI_EndRxTxTransaction
                0x0000000008003e1c       0x84 Drivers/STM32F4xx_HAL_Driver/Src/stm32f4xx_hal_spi.o
 .text.__libc_init_array
                0x0000000008003ea0       0x48 c:/st/stm32cubeide_1.4.0/stm32cubeide/plugins/com.st.stm32cube.ide.mcu.externaltools.gnu-tools-for-stm32.7-2018-q2-update.win32_1.4.0.202007081208/tools/bin/../lib/gcc/arm-none-eabi/7.3.1/../../../../arm-none-eabi/lib/thumb/v7e-m/fpv4-sp/hard\libc_nano.a(lib_a-init.o)
                0x0000000008003ea0                __libc_init_array
 .text.memcpy   0x0000000008003ee8       0x16 c:/st/stm32cubeide_1.4.0/stm32cubeide/plugins/com.st.stm32cube.ide.mcu.externaltools.gnu-tools-for-stm32.7-2018-q2-update.win32_1.4.0.202007081208/tools/bin/../lib/gcc/arm-none-eabi/7.3.1/../../../../arm-none-eabi/lib/thumb/v7e-m/fpv4-sp/hard\libc_nano.a(lib_a-memcpy-stub.o)
                0x0000000008003ee8                memcpy
 .text.memset   0x0000000008003efe       0x10 c:/st/stm32cubeide_1.4.0/stm32cubeide/plugins/com.st.stm32cube.ide.mcu.externaltools.gnu-tools-for-stm32.7-2018-q2-update.win32_1.4.0.202007081208/tools/bin/../lib/gcc/arm-none-eabi/7.3.1/../../../../arm-none-eabi/lib/thumb/v7e-m/fpv4-sp/hard\libc_nano.a(lib_a-memset.o)
                0x0000000008003efe                memset
 *(.glue_7)
 .glue_7        0x0000000008003f0e        0x0 linker stubs
 *(.glue_7t)
 .glue_7t       0x0000000008003f0e        0x0 linker stubs
 *(.eh_frame)
 *fill*         0x0000000008003f0e        0x2 
 .eh_frame      0x0000000008003f10        0x0 c:/st/stm32cubeide_1.4.0/stm32cubeide/plugins/com.st.stm32cube.ide.mcu.externaltools.gnu-tools-for-stm32.7-2018-q2-update.win32_1.4.0.202007081208/tools/bin/../lib/gcc/arm-none-eabi/7.3.1/thumb/v7e-m/fpv4-sp/hard/crtbegin.o
 *(.init)
 .init          0x0000000008003f10        0x4 c:/st/stm32cubeide_1.4.0/stm32cubeide/plugins/com.st.stm32cube.ide.mcu.externaltools.gnu-tools-for-stm32.7-2018-q2-update.win32_1.4.0.202007081208/tools/bin/../lib/gcc/arm-none-eabi/7.3.1/thumb/v7e-m/fpv4-sp/hard/crti.o
                0x0000000008003f10                _init
 .init          0x0000000008003f14        0x8 c:/st/stm32cubeide_1.4.0/stm32cubeide/plugins/com.st.stm32cube.ide.mcu.externaltools.gnu-tools-for-stm32.7-2018-q2-update.win32_1.4.0.202007081208/tools/bin/../lib/gcc/arm-none-eabi/7.3.1/thumb/v7e-m/fpv4-sp/hard/crtn.o
 *(.fini)
 .fini          0x0000000008003f1c        0x4 c:/st/stm32cubeide_1.4.0/stm32cubeide/plugins/com.st.stm32cube.ide.mcu.externaltools.gnu-tools-for-stm32.7-2018-q2-update.win32_1.4.0.202007081208/tools/bin/../lib/gcc/arm-none-eabi/7.3.1/thumb/v7e-m/fpv4-sp/hard/crti.o
                0x0000000008003f1c                _fini
 .fini          0x0000000008003f20        0x8 c:/st/stm32cubeide_1.4.0/stm32cubeide/plugins/com.st.stm32cube.ide.mcu.externaltools.gnu-tools-for-stm32.7-2018-q2-update.win32_1.4.0.202007081208/tools/bin/../lib/gcc/arm-none-eabi/7.3.1/thumb/v7e-m/fpv4-sp/hard/crtn.o
                0x0000000008003f28                . = ALIGN (0x4)
                0x0000000008003f28                _etext = .

.vfp11_veneer   0x0000000008003f28        0x0
 .vfp11_veneer  0x0000000008003f28        0x0 linker stubs

.v4_bx          0x0000000008003f28        0x0
 .v4_bx         0x0000000008003f28        0x0 linker stubs

.iplt           0x0000000008003f28        0x0
 .iplt          0x0000000008003f28        0x0 c:/st/stm32cubeide_1.4.0/stm32cubeide/plugins/com.st.stm32cube.ide.mcu.externaltools.gnu-tools-for-stm32.7-2018-q2-update.win32_1.4.0.202007081208/tools/bin/../lib/gcc/arm-none-eabi/7.3.1/thumb/v7e-m/fpv4-sp/hard/crtbegin.o

.rodata         0x0000000008003f28      0x51c
                0x0000000008003f28                . = ALIGN (0x4)
 *(.rodata)
 .rodata        0x0000000008003f28        0xb Core/Src/TSC2046.o
 *(.rodata*)
 *fill*         0x0000000008003f33        0x1 
 .rodata.font1  0x0000000008003f34      0x500 Core/Src/MY_ILI9341.o
 .rodata.AHBPrescTable
                0x0000000008004434       0x10 Core/Src/system_stm32f4xx.o
                0x0000000008004434                AHBPrescTable
                0x0000000008004444                . = ALIGN (0x4)

.ARM.extab      0x0000000008004444        0x0
                0x0000000008004444                . = ALIGN (0x4)
 *(.ARM.extab* .gnu.linkonce.armextab.*)
                0x0000000008004444                . = ALIGN (0x4)

.ARM            0x0000000008004444        0x8
                0x0000000008004444                . = ALIGN (0x4)
                0x0000000008004444                __exidx_start = .
 *(.ARM.exidx*)
 .ARM.exidx     0x0000000008004444        0x8 c:/st/stm32cubeide_1.4.0/stm32cubeide/plugins/com.st.stm32cube.ide.mcu.externaltools.gnu-tools-for-stm32.7-2018-q2-update.win32_1.4.0.202007081208/tools/bin/../lib/gcc/arm-none-eabi/7.3.1/thumb/v7e-m/fpv4-sp/hard\libgcc.a(_udivmoddi4.o)
                0x000000000800444c                __exidx_end = .
                0x000000000800444c                . = ALIGN (0x4)

.rel.dyn        0x000000000800444c        0x0
 .rel.iplt      0x000000000800444c        0x0 c:/st/stm32cubeide_1.4.0/stm32cubeide/plugins/com.st.stm32cube.ide.mcu.externaltools.gnu-tools-for-stm32.7-2018-q2-update.win32_1.4.0.202007081208/tools/bin/../lib/gcc/arm-none-eabi/7.3.1/thumb/v7e-m/fpv4-sp/hard/crtbegin.o

.preinit_array  0x000000000800444c        0x0
                0x000000000800444c                . = ALIGN (0x4)
                0x000000000800444c                PROVIDE (__preinit_array_start = .)
 *(.preinit_array*)
                0x000000000800444c                PROVIDE (__preinit_array_end = .)
                0x000000000800444c                . = ALIGN (0x4)

.init_array     0x000000000800444c        0x4
                0x000000000800444c                . = ALIGN (0x4)
                0x000000000800444c                PROVIDE (__init_array_start = .)
 *(SORT_BY_NAME(.init_array.*))
 *(.init_array*)
 .init_array    0x000000000800444c        0x4 c:/st/stm32cubeide_1.4.0/stm32cubeide/plugins/com.st.stm32cube.ide.mcu.externaltools.gnu-tools-for-stm32.7-2018-q2-update.win32_1.4.0.202007081208/tools/bin/../lib/gcc/arm-none-eabi/7.3.1/thumb/v7e-m/fpv4-sp/hard/crtbegin.o
                0x0000000008004450                PROVIDE (__init_array_end = .)
                0x0000000008004450                . = ALIGN (0x4)

.fini_array     0x0000000008004450        0x4
                0x0000000008004450                . = ALIGN (0x4)
                [!provide]                        PROVIDE (__fini_array_start = .)
 *(SORT_BY_NAME(.fini_array.*))
 *(.fini_array*)
 .fini_array    0x0000000008004450        0x4 c:/st/stm32cubeide_1.4.0/stm32cubeide/plugins/com.st.stm32cube.ide.mcu.externaltools.gnu-tools-for-stm32.7-2018-q2-update.win32_1.4.0.202007081208/tools/bin/../lib/gcc/arm-none-eabi/7.3.1/thumb/v7e-m/fpv4-sp/hard/crtbegin.o
                [!provide]                        PROVIDE (__fini_array_end = .)
                0x0000000008004454                . = ALIGN (0x4)
                0x0000000008004454                _sidata = LOADADDR (.data)

.data           0x0000000020000000       0x10 load address 0x0000000008004454
                0x0000000020000000                . = ALIGN (0x4)
                0x0000000020000000                _sdata = .
 *(.data)
 *(.data*)
 .data.rotationNum
                0x0000000020000000        0x1 Core/Src/MY_ILI9341.o
 .data.CMD_Default
                0x0000000020000001        0x1 Core/Src/TSC2046.o
 *fill*         0x0000000020000002        0x2 
 .data.SystemCoreClock
                0x0000000020000004        0x4 Core/Src/system_stm32f4xx.o
                0x0000000020000004                SystemCoreClock
 .data.uwTickPrio
                0x0000000020000008        0x4 Drivers/STM32F4xx_HAL_Driver/Src/stm32f4xx_hal.o
                0x0000000020000008                uwTickPrio
 .data.uwTickFreq
                0x000000002000000c        0x1 Drivers/STM32F4xx_HAL_Driver/Src/stm32f4xx_hal.o
                0x000000002000000c                uwTickFreq
                0x0000000020000010                . = ALIGN (0x4)
 *fill*         0x000000002000000d        0x3 
                0x0000000020000010                _edata = .

.igot.plt       0x0000000020000010        0x0 load address 0x0000000008004464
 .igot.plt      0x0000000020000010        0x0 c:/st/stm32cubeide_1.4.0/stm32cubeide/plugins/com.st.stm32cube.ide.mcu.externaltools.gnu-tools-for-stm32.7-2018-q2-update.win32_1.4.0.202007081208/tools/bin/../lib/gcc/arm-none-eabi/7.3.1/thumb/v7e-m/fpv4-sp/hard/crtbegin.o
                0x0000000020000010                . = ALIGN (0x4)

.bss            0x0000000020000010      0x1d0 load address 0x0000000008004464
                0x0000000020000010                _sbss = .
                0x0000000020000010                __bss_start__ = _sbss
 *(.bss)
 .bss           0x0000000020000010       0x1c c:/st/stm32cubeide_1.4.0/stm32cubeide/plugins/com.st.stm32cube.ide.mcu.externaltools.gnu-tools-for-stm32.7-2018-q2-update.win32_1.4.0.202007081208/tools/bin/../lib/gcc/arm-none-eabi/7.3.1/thumb/v7e-m/fpv4-sp/hard/crtbegin.o
 *(.bss*)
 .bss._cp437    0x000000002000002c        0x1 Core/Src/MY_ILI9341.o
 *fill*         0x000000002000002d        0x3 
 .bss.lcdSPIhandle
                0x0000000020000030       0x58 Core/Src/MY_ILI9341.o
 .bss.tftCS_GPIO
                0x0000000020000088        0x4 Core/Src/MY_ILI9341.o
 .bss.tftCS_PIN
                0x000000002000008c        0x2 Core/Src/MY_ILI9341.o
 *fill*         0x000000002000008e        0x2 
 .bss.tftDC_GPIO
                0x0000000020000090        0x4 Core/Src/MY_ILI9341.o
 .bss.tftDC_PIN
                0x0000000020000094        0x2 Core/Src/MY_ILI9341.o
 *fill*         0x0000000020000096        0x2 
 .bss.tftRESET_GPIO
                0x0000000020000098        0x4 Core/Src/MY_ILI9341.o
 .bss.tftRESET_PIN
                0x000000002000009c        0x2 Core/Src/MY_ILI9341.o
 *fill*         0x000000002000009e        0x2 
 .bss.tsSPIhandle
                0x00000000200000a0       0x58 Core/Src/TSC2046.o
 .bss.tsCS_GPIO
                0x00000000200000f8        0x4 Core/Src/TSC2046.o
 .bss.tsCS_PIN  0x00000000200000fc        0x2 Core/Src/TSC2046.o
 .bss.ScreenOrientation
                0x00000000200000fe        0x1 Core/Src/TSC2046.o
 *fill*         0x00000000200000ff        0x1 
 .bss.myTS_Calibrate
                0x0000000020000100       0x1c Core/Src/TSC2046.o
 .bss.localRawTouch
                0x000000002000011c        0x4 Core/Src/TSC2046.o
 *(COMMON)
 COMMON         0x0000000020000120       0xbc Core/Src/main.o
                0x0000000020000120                hspi2
                0x0000000020000178                myTS_Handle
                0x0000000020000180                hspi1
                0x00000000200001d8                Speaker_Period
 COMMON         0x00000000200001dc        0x4 Drivers/STM32F4xx_HAL_Driver/Src/stm32f4xx_hal.o
                0x00000000200001dc                uwTick
                0x00000000200001e0                . = ALIGN (0x4)
                0x00000000200001e0                _ebss = .
                0x00000000200001e0                __bss_end__ = _ebss

._user_heap_stack
                0x00000000200001e0      0x600 load address 0x0000000008004464
                0x00000000200001e0                . = ALIGN (0x8)
                [!provide]                        PROVIDE (end = .)
                0x00000000200001e0                PROVIDE (_end = .)
                0x00000000200003e0                . = (. + _Min_Heap_Size)
 *fill*         0x00000000200001e0      0x200 
                0x00000000200007e0                . = (. + _Min_Stack_Size)
 *fill*         0x00000000200003e0      0x400 
                0x00000000200007e0                . = ALIGN (0x8)

/DISCARD/
 libc.a(*)
 libm.a(*)
 libgcc.a(*)

.ARM.attributes
                0x0000000000000000       0x30
 *(.ARM.attributes)
 .ARM.attributes
                0x0000000000000000       0x22 c:/st/stm32cubeide_1.4.0/stm32cubeide/plugins/com.st.stm32cube.ide.mcu.externaltools.gnu-tools-for-stm32.7-2018-q2-update.win32_1.4.0.202007081208/tools/bin/../lib/gcc/arm-none-eabi/7.3.1/thumb/v7e-m/fpv4-sp/hard/crti.o
 .ARM.attributes
                0x0000000000000022       0x34 c:/st/stm32cubeide_1.4.0/stm32cubeide/plugins/com.st.stm32cube.ide.mcu.externaltools.gnu-tools-for-stm32.7-2018-q2-update.win32_1.4.0.202007081208/tools/bin/../lib/gcc/arm-none-eabi/7.3.1/thumb/v7e-m/fpv4-sp/hard/crtbegin.o
 .ARM.attributes
                0x0000000000000056       0x39 Core/Src/MY_ILI9341.o
 .ARM.attributes
                0x000000000000008f       0x39 Core/Src/TSC2046.o
 .ARM.attributes
                0x00000000000000c8       0x39 Core/Src/main.o
 .ARM.attributes
                0x0000000000000101       0x39 Core/Src/stm32f4xx_hal_msp.o
 .ARM.attributes
                0x000000000000013a       0x39 Core/Src/stm32f4xx_it.o
 .ARM.attributes
                0x0000000000000173       0x39 Core/Src/system_stm32f4xx.o
 .ARM.attributes
                0x00000000000001ac       0x21 Core/Startup/startup_stm32f411retx.o
 .ARM.attributes
                0x00000000000001cd       0x39 Drivers/STM32F4xx_HAL_Driver/Src/stm32f4xx_hal.o
 .ARM.attributes
                0x0000000000000206       0x39 Drivers/STM32F4xx_HAL_Driver/Src/stm32f4xx_hal_cortex.o
 .ARM.attributes
                0x000000000000023f       0x39 Drivers/STM32F4xx_HAL_Driver/Src/stm32f4xx_hal_gpio.o
 .ARM.attributes
                0x0000000000000278       0x39 Drivers/STM32F4xx_HAL_Driver/Src/stm32f4xx_hal_rcc.o
 .ARM.attributes
                0x00000000000002b1       0x39 Drivers/STM32F4xx_HAL_Driver/Src/stm32f4xx_hal_spi.o
 .ARM.attributes
                0x00000000000002ea       0x34 c:/st/stm32cubeide_1.4.0/stm32cubeide/plugins/com.st.stm32cube.ide.mcu.externaltools.gnu-tools-for-stm32.7-2018-q2-update.win32_1.4.0.202007081208/tools/bin/../lib/gcc/arm-none-eabi/7.3.1/../../../../arm-none-eabi/lib/thumb/v7e-m/fpv4-sp/hard\libc_nano.a(lib_a-init.o)
 .ARM.attributes
                0x000000000000031e       0x34 c:/st/stm32cubeide_1.4.0/stm32cubeide/plugins/com.st.stm32cube.ide.mcu.externaltools.gnu-tools-for-stm32.7-2018-q2-update.win32_1.4.0.202007081208/tools/bin/../lib/gcc/arm-none-eabi/7.3.1/../../../../arm-none-eabi/lib/thumb/v7e-m/fpv4-sp/hard\libc_nano.a(lib_a-memcpy-stub.o)
 .ARM.attributes
                0x0000000000000352       0x34 c:/st/stm32cubeide_1.4.0/stm32cubeide/plugins/com.st.stm32cube.ide.mcu.externaltools.gnu-tools-for-stm32.7-2018-q2-update.win32_1.4.0.202007081208/tools/bin/../lib/gcc/arm-none-eabi/7.3.1/../../../../arm-none-eabi/lib/thumb/v7e-m/fpv4-sp/hard\libc_nano.a(lib_a-memset.o)
 .ARM.attributes
                0x0000000000000386       0x22 c:/st/stm32cubeide_1.4.0/stm32cubeide/plugins/com.st.stm32cube.ide.mcu.externaltools.gnu-tools-for-stm32.7-2018-q2-update.win32_1.4.0.202007081208/tools/bin/../lib/gcc/arm-none-eabi/7.3.1/thumb/v7e-m/fpv4-sp/hard\libgcc.a(_arm_addsubdf3.o)
 .ARM.attributes
                0x00000000000003a8       0x22 c:/st/stm32cubeide_1.4.0/stm32cubeide/plugins/com.st.stm32cube.ide.mcu.externaltools.gnu-tools-for-stm32.7-2018-q2-update.win32_1.4.0.202007081208/tools/bin/../lib/gcc/arm-none-eabi/7.3.1/thumb/v7e-m/fpv4-sp/hard\libgcc.a(_arm_muldivdf3.o)
 .ARM.attributes
                0x00000000000003ca       0x22 c:/st/stm32cubeide_1.4.0/stm32cubeide/plugins/com.st.stm32cube.ide.mcu.externaltools.gnu-tools-for-stm32.7-2018-q2-update.win32_1.4.0.202007081208/tools/bin/../lib/gcc/arm-none-eabi/7.3.1/thumb/v7e-m/fpv4-sp/hard\libgcc.a(_arm_fixunsdfsi.o)
 .ARM.attributes
                0x00000000000003ec       0x22 c:/st/stm32cubeide_1.4.0/stm32cubeide/plugins/com.st.stm32cube.ide.mcu.externaltools.gnu-tools-for-stm32.7-2018-q2-update.win32_1.4.0.202007081208/tools/bin/../lib/gcc/arm-none-eabi/7.3.1/thumb/v7e-m/fpv4-sp/hard\libgcc.a(_aeabi_uldivmod.o)
 .ARM.attributes
                0x000000000000040e       0x34 c:/st/stm32cubeide_1.4.0/stm32cubeide/plugins/com.st.stm32cube.ide.mcu.externaltools.gnu-tools-for-stm32.7-2018-q2-update.win32_1.4.0.202007081208/tools/bin/../lib/gcc/arm-none-eabi/7.3.1/thumb/v7e-m/fpv4-sp/hard\libgcc.a(_udivmoddi4.o)
 .ARM.attributes
                0x0000000000000442       0x22 c:/st/stm32cubeide_1.4.0/stm32cubeide/plugins/com.st.stm32cube.ide.mcu.externaltools.gnu-tools-for-stm32.7-2018-q2-update.win32_1.4.0.202007081208/tools/bin/../lib/gcc/arm-none-eabi/7.3.1/thumb/v7e-m/fpv4-sp/hard\libgcc.a(_dvmd_tls.o)
 .ARM.attributes
                0x0000000000000464       0x22 c:/st/stm32cubeide_1.4.0/stm32cubeide/plugins/com.st.stm32cube.ide.mcu.externaltools.gnu-tools-for-stm32.7-2018-q2-update.win32_1.4.0.202007081208/tools/bin/../lib/gcc/arm-none-eabi/7.3.1/thumb/v7e-m/fpv4-sp/hard/crtn.o
OUTPUT(ahero.elf elf32-littlearm)

.debug_info     0x0000000000000000     0x91aa
 .debug_info    0x0000000000000000     0x1ade Core/Src/MY_ILI9341.o
 .debug_info    0x0000000000001ade     0x12d7 Core/Src/TSC2046.o
 .debug_info    0x0000000000002db5     0x1487 Core/Src/main.o
 .debug_info    0x000000000000423c      0xa24 Core/Src/stm32f4xx_hal_msp.o
 .debug_info    0x0000000000004c60      0x20a Core/Src/stm32f4xx_it.o
 .debug_info    0x0000000000004e6a      0x57e Core/Src/system_stm32f4xx.o
 .debug_info    0x00000000000053e8       0x22 Core/Startup/startup_stm32f411retx.o
 .debug_info    0x000000000000540a      0x8d5 Drivers/STM32F4xx_HAL_Driver/Src/stm32f4xx_hal.o
 .debug_info    0x0000000000005cdf      0xd98 Drivers/STM32F4xx_HAL_Driver/Src/stm32f4xx_hal_cortex.o
 .debug_info    0x0000000000006a77      0x7d7 Drivers/STM32F4xx_HAL_Driver/Src/stm32f4xx_hal_gpio.o
 .debug_info    0x000000000000724e      0x92a Drivers/STM32F4xx_HAL_Driver/Src/stm32f4xx_hal_rcc.o
 .debug_info    0x0000000000007b78     0x1632 Drivers/STM32F4xx_HAL_Driver/Src/stm32f4xx_hal_spi.o

.debug_abbrev   0x0000000000000000     0x15f4
 .debug_abbrev  0x0000000000000000      0x263 Core/Src/MY_ILI9341.o
 .debug_abbrev  0x0000000000000263      0x265 Core/Src/TSC2046.o
 .debug_abbrev  0x00000000000004c8      0x263 Core/Src/main.o
 .debug_abbrev  0x000000000000072b      0x18c Core/Src/stm32f4xx_hal_msp.o
 .debug_abbrev  0x00000000000008b7       0xc6 Core/Src/stm32f4xx_it.o
 .debug_abbrev  0x000000000000097d      0x12b Core/Src/system_stm32f4xx.o
 .debug_abbrev  0x0000000000000aa8       0x12 Core/Startup/startup_stm32f411retx.o
 .debug_abbrev  0x0000000000000aba      0x1f2 Drivers/STM32F4xx_HAL_Driver/Src/stm32f4xx_hal.o
 .debug_abbrev  0x0000000000000cac      0x2fa Drivers/STM32F4xx_HAL_Driver/Src/stm32f4xx_hal_cortex.o
 .debug_abbrev  0x0000000000000fa6      0x1c9 Drivers/STM32F4xx_HAL_Driver/Src/stm32f4xx_hal_gpio.o
 .debug_abbrev  0x000000000000116f      0x245 Drivers/STM32F4xx_HAL_Driver/Src/stm32f4xx_hal_rcc.o
 .debug_abbrev  0x00000000000013b4      0x240 Drivers/STM32F4xx_HAL_Driver/Src/stm32f4xx_hal_spi.o

.debug_aranges  0x0000000000000000      0x718
 .debug_aranges
                0x0000000000000000       0xc8 Core/Src/MY_ILI9341.o
 .debug_aranges
                0x00000000000000c8       0x70 Core/Src/TSC2046.o
 .debug_aranges
                0x0000000000000138       0x48 Core/Src/main.o
 .debug_aranges
                0x0000000000000180       0x30 Core/Src/stm32f4xx_hal_msp.o
 .debug_aranges
                0x00000000000001b0       0x60 Core/Src/stm32f4xx_it.o
 .debug_aranges
                0x0000000000000210       0x28 Core/Src/system_stm32f4xx.o
 .debug_aranges
                0x0000000000000238       0x28 Core/Startup/startup_stm32f411retx.o
 .debug_aranges
                0x0000000000000260       0xf0 Drivers/STM32F4xx_HAL_Driver/Src/stm32f4xx_hal.o
 .debug_aranges
                0x0000000000000350      0x118 Drivers/STM32F4xx_HAL_Driver/Src/stm32f4xx_hal_cortex.o
 .debug_aranges
                0x0000000000000468       0x58 Drivers/STM32F4xx_HAL_Driver/Src/stm32f4xx_hal_gpio.o
 .debug_aranges
                0x00000000000004c0       0x88 Drivers/STM32F4xx_HAL_Driver/Src/stm32f4xx_hal_rcc.o
 .debug_aranges
                0x0000000000000548      0x1d0 Drivers/STM32F4xx_HAL_Driver/Src/stm32f4xx_hal_spi.o

.debug_ranges   0x0000000000000000      0x660
 .debug_ranges  0x0000000000000000       0xb8 Core/Src/MY_ILI9341.o
 .debug_ranges  0x00000000000000b8       0x60 Core/Src/TSC2046.o
 .debug_ranges  0x0000000000000118       0x38 Core/Src/main.o
 .debug_ranges  0x0000000000000150       0x20 Core/Src/stm32f4xx_hal_msp.o
 .debug_ranges  0x0000000000000170       0x50 Core/Src/stm32f4xx_it.o
 .debug_ranges  0x00000000000001c0       0x18 Core/Src/system_stm32f4xx.o
 .debug_ranges  0x00000000000001d8       0x20 Core/Startup/startup_stm32f411retx.o
 .debug_ranges  0x00000000000001f8       0xe0 Drivers/STM32F4xx_HAL_Driver/Src/stm32f4xx_hal.o
 .debug_ranges  0x00000000000002d8      0x108 Drivers/STM32F4xx_HAL_Driver/Src/stm32f4xx_hal_cortex.o
 .debug_ranges  0x00000000000003e0       0x48 Drivers/STM32F4xx_HAL_Driver/Src/stm32f4xx_hal_gpio.o
 .debug_ranges  0x0000000000000428       0x78 Drivers/STM32F4xx_HAL_Driver/Src/stm32f4xx_hal_rcc.o
 .debug_ranges  0x00000000000004a0      0x1c0 Drivers/STM32F4xx_HAL_Driver/Src/stm32f4xx_hal_spi.o

.debug_macro    0x0000000000000000    0x15e81
 .debug_macro   0x0000000000000000      0x380 Core/Src/MY_ILI9341.o
 .debug_macro   0x0000000000000380      0xa5a Core/Src/MY_ILI9341.o
 .debug_macro   0x0000000000000dda       0x22 Core/Src/MY_ILI9341.o
 .debug_macro   0x0000000000000dfc      0x28e Core/Src/MY_ILI9341.o
 .debug_macro   0x000000000000108a       0x2e Core/Src/MY_ILI9341.o
 .debug_macro   0x00000000000010b8       0x28 Core/Src/MY_ILI9341.o
 .debug_macro   0x00000000000010e0       0x22 Core/Src/MY_ILI9341.o
 .debug_macro   0x0000000000001102       0x8e Core/Src/MY_ILI9341.o
 .debug_macro   0x0000000000001190       0x51 Core/Src/MY_ILI9341.o
 .debug_macro   0x00000000000011e1       0xef Core/Src/MY_ILI9341.o
 .debug_macro   0x00000000000012d0       0x6a Core/Src/MY_ILI9341.o
 .debug_macro   0x000000000000133a      0x1df Core/Src/MY_ILI9341.o
 .debug_macro   0x0000000000001519       0x1c Core/Src/MY_ILI9341.o
 .debug_macro   0x0000000000001535       0x22 Core/Src/MY_ILI9341.o
 .debug_macro   0x0000000000001557       0xdf Core/Src/MY_ILI9341.o
 .debug_macro   0x0000000000001636     0x102d Core/Src/MY_ILI9341.o
 .debug_macro   0x0000000000002663      0x11f Core/Src/MY_ILI9341.o
 .debug_macro   0x0000000000002782     0xb937 Core/Src/MY_ILI9341.o
 .debug_macro   0x000000000000e0b9       0x43 Core/Src/MY_ILI9341.o
 .debug_macro   0x000000000000e0fc     0x3659 Core/Src/MY_ILI9341.o
 .debug_macro   0x0000000000011755      0x174 Core/Src/MY_ILI9341.o
 .debug_macro   0x00000000000118c9       0x5a Core/Src/MY_ILI9341.o
 .debug_macro   0x0000000000011923      0x447 Core/Src/MY_ILI9341.o
 .debug_macro   0x0000000000011d6a      0x9fe Core/Src/MY_ILI9341.o
 .debug_macro   0x0000000000012768      0x117 Core/Src/MY_ILI9341.o
 .debug_macro   0x000000000001287f      0x11b Core/Src/MY_ILI9341.o
 .debug_macro   0x000000000001299a       0x27 Core/Src/MY_ILI9341.o
 .debug_macro   0x00000000000129c1      0x15f Core/Src/MY_ILI9341.o
 .debug_macro   0x0000000000012b20      0x287 Core/Src/MY_ILI9341.o
 .debug_macro   0x0000000000012da7       0x5f Core/Src/MY_ILI9341.o
 .debug_macro   0x0000000000012e06      0x236 Core/Src/MY_ILI9341.o
 .debug_macro   0x000000000001303c      0x132 Core/Src/MY_ILI9341.o
 .debug_macro   0x000000000001316e      0x264 Core/Src/MY_ILI9341.o
 .debug_macro   0x00000000000133d2       0x2e Core/Src/MY_ILI9341.o
 .debug_macro   0x0000000000013400      0x11a Core/Src/MY_ILI9341.o
 .debug_macro   0x000000000001351a       0x85 Core/Src/MY_ILI9341.o
 .debug_macro   0x000000000001359f       0x89 Core/Src/MY_ILI9341.o
 .debug_macro   0x0000000000013628      0x225 Core/Src/MY_ILI9341.o
 .debug_macro   0x000000000001384d      0x126 Core/Src/MY_ILI9341.o
 .debug_macro   0x0000000000013973       0x18 Core/Src/MY_ILI9341.o
 .debug_macro   0x000000000001398b       0x46 Core/Src/MY_ILI9341.o
 .debug_macro   0x00000000000139d1       0x3c Core/Src/MY_ILI9341.o
 .debug_macro   0x0000000000013a0d       0x34 Core/Src/MY_ILI9341.o
 .debug_macro   0x0000000000013a41       0x16 Core/Src/MY_ILI9341.o
 .debug_macro   0x0000000000013a57       0x35 Core/Src/MY_ILI9341.o
 .debug_macro   0x0000000000013a8c       0x52 Core/Src/MY_ILI9341.o
 .debug_macro   0x0000000000013ade       0x1f Core/Src/MY_ILI9341.o
 .debug_macro   0x0000000000013afd       0x43 Core/Src/MY_ILI9341.o
 .debug_macro   0x0000000000013b40       0x20 Core/Src/MY_ILI9341.o
 .debug_macro   0x0000000000013b60      0x1a3 Core/Src/MY_ILI9341.o
 .debug_macro   0x0000000000013d03      0x32a Core/Src/MY_ILI9341.o
 .debug_macro   0x000000000001402d       0x16 Core/Src/MY_ILI9341.o
 .debug_macro   0x0000000000014043       0x29 Core/Src/MY_ILI9341.o
 .debug_macro   0x000000000001406c       0x1c Core/Src/MY_ILI9341.o
 .debug_macro   0x0000000000014088       0x10 Core/Src/MY_ILI9341.o
 .debug_macro   0x0000000000014098       0x10 Core/Src/MY_ILI9341.o
 .debug_macro   0x00000000000140a8       0x1c Core/Src/MY_ILI9341.o
 .debug_macro   0x00000000000140c4       0x52 Core/Src/MY_ILI9341.o
 .debug_macro   0x0000000000014116       0x40 Core/Src/MY_ILI9341.o
 .debug_macro   0x0000000000014156       0x10 Core/Src/MY_ILI9341.o
 .debug_macro   0x0000000000014166       0x40 Core/Src/MY_ILI9341.o
 .debug_macro   0x00000000000141a6       0xd7 Core/Src/MY_ILI9341.o
 .debug_macro   0x000000000001427d       0x1c Core/Src/MY_ILI9341.o
 .debug_macro   0x0000000000014299       0x3d Core/Src/MY_ILI9341.o
 .debug_macro   0x00000000000142d6       0x16 Core/Src/MY_ILI9341.o
 .debug_macro   0x00000000000142ec      0x145 Core/Src/MY_ILI9341.o
 .debug_macro   0x0000000000014431       0x16 Core/Src/MY_ILI9341.o
 .debug_macro   0x0000000000014447       0x20 Core/Src/MY_ILI9341.o
 .debug_macro   0x0000000000014467      0x1b4 Core/Src/MY_ILI9341.o
 .debug_macro   0x000000000001461b      0x3a8 Core/Src/TSC2046.o
 .debug_macro   0x00000000000149c3      0x1e1 Core/Src/TSC2046.o
 .debug_macro   0x0000000000014ba4       0x16 Core/Src/TSC2046.o
 .debug_macro   0x0000000000014bba      0x3b4 Core/Src/main.o
 .debug_macro   0x0000000000014f6e       0x4c Core/Src/main.o
 .debug_macro   0x0000000000014fba      0x1c9 Core/Src/stm32f4xx_hal_msp.o
 .debug_macro   0x0000000000015183      0x1d3 Core/Src/stm32f4xx_it.o
 .debug_macro   0x0000000000015356      0x1c0 Core/Src/system_stm32f4xx.o
 .debug_macro   0x0000000000015516      0x21a Drivers/STM32F4xx_HAL_Driver/Src/stm32f4xx_hal.o
 .debug_macro   0x0000000000015730      0x1ba Drivers/STM32F4xx_HAL_Driver/Src/stm32f4xx_hal_cortex.o
 .debug_macro   0x00000000000158ea      0x1f0 Drivers/STM32F4xx_HAL_Driver/Src/stm32f4xx_hal_gpio.o
 .debug_macro   0x0000000000015ada      0x1de Drivers/STM32F4xx_HAL_Driver/Src/stm32f4xx_hal_rcc.o
 .debug_macro   0x0000000000015cb8      0x1c9 Drivers/STM32F4xx_HAL_Driver/Src/stm32f4xx_hal_spi.o

.debug_line     0x0000000000000000     0x691e
 .debug_line    0x0000000000000000      0xc4e Core/Src/MY_ILI9341.o
 .debug_line    0x0000000000000c4e      0xa3d Core/Src/TSC2046.o
 .debug_line    0x000000000000168b      0x995 Core/Src/main.o
 .debug_line    0x0000000000002020      0x6dd Core/Src/stm32f4xx_hal_msp.o
 .debug_line    0x00000000000026fd      0x733 Core/Src/stm32f4xx_it.o
 .debug_line    0x0000000000002e30      0x6aa Core/Src/system_stm32f4xx.o
 .debug_line    0x00000000000034da       0x85 Core/Startup/startup_stm32f411retx.o
 .debug_line    0x000000000000355f      0x894 Drivers/STM32F4xx_HAL_Driver/Src/stm32f4xx_hal.o
 .debug_line    0x0000000000003df3      0x9b8 Drivers/STM32F4xx_HAL_Driver/Src/stm32f4xx_hal_cortex.o
 .debug_line    0x00000000000047ab      0x837 Drivers/STM32F4xx_HAL_Driver/Src/stm32f4xx_hal_gpio.o
 .debug_line    0x0000000000004fe2      0x8ec Drivers/STM32F4xx_HAL_Driver/Src/stm32f4xx_hal_rcc.o
 .debug_line    0x00000000000058ce     0x1050 Drivers/STM32F4xx_HAL_Driver/Src/stm32f4xx_hal_spi.o

.debug_str      0x0000000000000000    0x85d13
 .debug_str     0x0000000000000000    0x8351e Core/Src/MY_ILI9341.o
                                      0x8389a (size before relaxing)
 .debug_str     0x000000000008351e      0xb79 Core/Src/TSC2046.o
                                      0x84159 (size before relaxing)
 .debug_str     0x0000000000084097      0x3f6 Core/Src/main.o
                                      0x842bf (size before relaxing)
 .debug_str     0x000000000008448d       0x53 Core/Src/stm32f4xx_hal_msp.o
                                      0x7ef62 (size before relaxing)
 .debug_str     0x00000000000844e0       0xbd Core/Src/stm32f4xx_it.o
                                      0x7ea13 (size before relaxing)
 .debug_str     0x000000000008459d       0xc4 Core/Src/system_stm32f4xx.o
                                      0x7ea14 (size before relaxing)
 .debug_str     0x0000000000084661       0x36 Core/Startup/startup_stm32f411retx.o
                                         0x73 (size before relaxing)
 .debug_str     0x0000000000084697      0x919 Drivers/STM32F4xx_HAL_Driver/Src/stm32f4xx_hal.o
                                      0x7f389 (size before relaxing)
 .debug_str     0x0000000000084fb0      0x399 Drivers/STM32F4xx_HAL_Driver/Src/stm32f4xx_hal_cortex.o
                                      0x7f166 (size before relaxing)
 .debug_str     0x0000000000085349      0x20c Drivers/STM32F4xx_HAL_Driver/Src/stm32f4xx_hal_gpio.o
                                      0x7ec53 (size before relaxing)
 .debug_str     0x0000000000085555      0x259 Drivers/STM32F4xx_HAL_Driver/Src/stm32f4xx_hal_rcc.o
                                      0x7ee01 (size before relaxing)
 .debug_str     0x00000000000857ae      0x565 Drivers/STM32F4xx_HAL_Driver/Src/stm32f4xx_hal_spi.o
                                      0x7f270 (size before relaxing)

.comment        0x0000000000000000       0x7b
 .comment       0x0000000000000000       0x7b Core/Src/MY_ILI9341.o
                                         0x7c (size before relaxing)
 .comment       0x000000000000007b       0x7c Core/Src/TSC2046.o
 .comment       0x000000000000007b       0x7c Core/Src/main.o
 .comment       0x000000000000007b       0x7c Core/Src/stm32f4xx_hal_msp.o
 .comment       0x000000000000007b       0x7c Core/Src/stm32f4xx_it.o
 .comment       0x000000000000007b       0x7c Core/Src/system_stm32f4xx.o
 .comment       0x000000000000007b       0x7c Drivers/STM32F4xx_HAL_Driver/Src/stm32f4xx_hal.o
 .comment       0x000000000000007b       0x7c Drivers/STM32F4xx_HAL_Driver/Src/stm32f4xx_hal_cortex.o
 .comment       0x000000000000007b       0x7c Drivers/STM32F4xx_HAL_Driver/Src/stm32f4xx_hal_gpio.o
 .comment       0x000000000000007b       0x7c Drivers/STM32F4xx_HAL_Driver/Src/stm32f4xx_hal_rcc.o
 .comment       0x000000000000007b       0x7c Drivers/STM32F4xx_HAL_Driver/Src/stm32f4xx_hal_spi.o

.debug_frame    0x0000000000000000     0x1cec
 .debug_frame   0x0000000000000000      0x35c Core/Src/MY_ILI9341.o
 .debug_frame   0x000000000000035c      0x180 Core/Src/TSC2046.o
 .debug_frame   0x00000000000004dc       0xd0 Core/Src/main.o
 .debug_frame   0x00000000000005ac       0x7c Core/Src/stm32f4xx_hal_msp.o
 .debug_frame   0x0000000000000628      0x10c Core/Src/stm32f4xx_it.o
 .debug_frame   0x0000000000000734       0x58 Core/Src/system_stm32f4xx.o
 .debug_frame   0x000000000000078c      0x374 Drivers/STM32F4xx_HAL_Driver/Src/stm32f4xx_hal.o
 .debug_frame   0x0000000000000b00      0x498 Drivers/STM32F4xx_HAL_Driver/Src/stm32f4xx_hal_cortex.o
 .debug_frame   0x0000000000000f98      0x14c Drivers/STM32F4xx_HAL_Driver/Src/stm32f4xx_hal_gpio.o
 .debug_frame   0x00000000000010e4      0x1f0 Drivers/STM32F4xx_HAL_Driver/Src/stm32f4xx_hal_rcc.o
 .debug_frame   0x00000000000012d4      0x824 Drivers/STM32F4xx_HAL_Driver/Src/stm32f4xx_hal_spi.o
 .debug_frame   0x0000000000001af8       0x2c c:/st/stm32cubeide_1.4.0/stm32cubeide/plugins/com.st.stm32cube.ide.mcu.externaltools.gnu-tools-for-stm32.7-2018-q2-update.win32_1.4.0.202007081208/tools/bin/../lib/gcc/arm-none-eabi/7.3.1/../../../../arm-none-eabi/lib/thumb/v7e-m/fpv4-sp/hard\libc_nano.a(lib_a-init.o)
 .debug_frame   0x0000000000001b24       0x28 c:/st/stm32cubeide_1.4.0/stm32cubeide/plugins/com.st.stm32cube.ide.mcu.externaltools.gnu-tools-for-stm32.7-2018-q2-update.win32_1.4.0.202007081208/tools/bin/../lib/gcc/arm-none-eabi/7.3.1/../../../../arm-none-eabi/lib/thumb/v7e-m/fpv4-sp/hard\libc_nano.a(lib_a-memcpy-stub.o)
 .debug_frame   0x0000000000001b4c       0x20 c:/st/stm32cubeide_1.4.0/stm32cubeide/plugins/com.st.stm32cube.ide.mcu.externaltools.gnu-tools-for-stm32.7-2018-q2-update.win32_1.4.0.202007081208/tools/bin/../lib/gcc/arm-none-eabi/7.3.1/../../../../arm-none-eabi/lib/thumb/v7e-m/fpv4-sp/hard\libc_nano.a(lib_a-memset.o)
 .debug_frame   0x0000000000001b6c       0xac c:/st/stm32cubeide_1.4.0/stm32cubeide/plugins/com.st.stm32cube.ide.mcu.externaltools.gnu-tools-for-stm32.7-2018-q2-update.win32_1.4.0.202007081208/tools/bin/../lib/gcc/arm-none-eabi/7.3.1/thumb/v7e-m/fpv4-sp/hard\libgcc.a(_arm_addsubdf3.o)
 .debug_frame   0x0000000000001c18       0x50 c:/st/stm32cubeide_1.4.0/stm32cubeide/plugins/com.st.stm32cube.ide.mcu.externaltools.gnu-tools-for-stm32.7-2018-q2-update.win32_1.4.0.202007081208/tools/bin/../lib/gcc/arm-none-eabi/7.3.1/thumb/v7e-m/fpv4-sp/hard\libgcc.a(_arm_muldivdf3.o)
 .debug_frame   0x0000000000001c68       0x24 c:/st/stm32cubeide_1.4.0/stm32cubeide/plugins/com.st.stm32cube.ide.mcu.externaltools.gnu-tools-for-stm32.7-2018-q2-update.win32_1.4.0.202007081208/tools/bin/../lib/gcc/arm-none-eabi/7.3.1/thumb/v7e-m/fpv4-sp/hard\libgcc.a(_arm_fixunsdfsi.o)
 .debug_frame   0x0000000000001c8c       0x2c c:/st/stm32cubeide_1.4.0/stm32cubeide/plugins/com.st.stm32cube.ide.mcu.externaltools.gnu-tools-for-stm32.7-2018-q2-update.win32_1.4.0.202007081208/tools/bin/../lib/gcc/arm-none-eabi/7.3.1/thumb/v7e-m/fpv4-sp/hard\libgcc.a(_aeabi_uldivmod.o)
 .debug_frame   0x0000000000001cb8       0x34 c:/st/stm32cubeide_1.4.0/stm32cubeide/plugins/com.st.stm32cube.ide.mcu.externaltools.gnu-tools-for-stm32.7-2018-q2-update.win32_1.4.0.202007081208/tools/bin/../lib/gcc/arm-none-eabi/7.3.1/thumb/v7e-m/fpv4-sp/hard\libgcc.a(_udivmoddi4.o)
